C51 COMPILER V9.59.0.0   MAIN                                                              01/22/2019 20:12:44 PAGE 1   


C51 COMPILER V9.59.0.0, COMPILATION OF MODULE MAIN
OBJECT MODULE PLACED IN .\Objects\main.obj
COMPILER INVOKED BY: D:\DevTools\keil5\C51\BIN\C51.EXE main.c OPTIMIZE(8,SPEED) BROWSE DEBUG OBJECTEXTEND PRINT(.\Listin
                    -gs\main.lst) TABS(2) OBJECT(.\Objects\main.obj)

line level    source

   1          //142857.143
   2          #include <STC89C5xRC.H>
   3          #include <intrins.h>
   4          
   5          #define uchar unsigned char
   6          #define uint unsigned int
   7          
   8          /*#define T1H 0xFE // 越大越快快快
   9          #define T1L 0xE9 // 越大越快快
  10          #define T1M 1000 // 越小越快*/
  11          
  12          #define T1H 0xED
  13          #define T1L 0x54
  14          #define T1M 60
  15            
  16          #define OFFSET 3  // 1=Eb  http://tieba.baidu.com/p/5970194607
  17          
  18          #define L1 2
  19          #define L2 4
  20          #define L3 6
  21          #define L5 9
  22          #define L6 11
  23          #define L7 13
  24          #define M1 14
  25          #define M2 16
  26          #define M3 18
  27          #define M4 19
  28          #define M5 21
  29          #define M6 23
  30          #define H1 26
  31          #define H2 28
  32          
  33          #define l31 play(L3, 1, 0)
  34          #define l51 play(L5, 1, 0)
  35          #define l61 play(L6, 1, 0)
  36          #define l71 play(L7, 1, 0)
  37          #define m11 play(M1, 1, 0)
  38          #define m21 play(M2, 1, 0)
  39          #define m31 play(M3, 1, 0)
  40          #define m61 play(M6, 1, 0)
  41          
  42          #define l22 play(L2, 2, 0)
  43          #define l32 play(L3, 2, 0)
  44          #define l52 play(L5, 2, 0)
  45          #define l62 play(L6, 2, 0)
  46          #define l72 play(L7, 2, 0)
  47          #define m12 play(M1, 2, 0)
  48          #define m22 play(M2, 2, 0)
  49          #define m32 play(M3, 2, 0)
  50          #define m42 play(M4, 2, 0)
  51          #define m52 play(M5, 2, 0)
  52          
  53          #define l54 play(L5, 4, 0)
  54          #define l64 play(L6, 4, 0)
C51 COMPILER V9.59.0.0   MAIN                                                              01/22/2019 20:12:44 PAGE 2   

  55          #define l74 play(L7, 4, 0)
  56          #define m14 play(M1, 4, 0)
  57          #define m24 play(M2, 4, 0)
  58          #define m34 play(M3, 4, 0)
  59          #define m44 play(M4, 4, 0)
  60          #define m54 play(M5, 4, 0)
  61          
  62          sbit fmq = P1^7;
  63          
  64          unsigned char code FRE_TH[] = {//定时器0高八位频率设定
  65          0x0F,0xDF,0xE1,0xE3,0xE4,0xE6,0xE7,0xE9,0xEA,0xEB,0xEC,0xED,0xEE,0xEF,
  66          //低八度0,b1,1,#1,2,#2,3,4,#4,5,#5,6,#6,7
  67          0xF0,0xF1,0xF2,0xF3,0xF3,0xF4,0xF5,0xF5,0xF6,0xF6,0xF7,0xF7,
  68          //中音1,#1,2,#2,3,4,#4,5,#5,6,#6,7
  69          0xF8,0xF8,0xF9,0xF9,0xF9,0xFA,0xFA,0xFA,0xFB,0xFB,0xFB,0xFB,0xFC
  70          //高八度1,#1,2,#2,3,4,#4,5,#5,6,#6,7,#7
  71          };
  72          unsigned char code FRE_TL[] = {//定时器0低八位频率设定
  73          0xFF,0x9C,0x76,0x38,0xC9,0x5B,0xC1,0x13,0x6F,0x97,0xC4,0xD0,0xDE,0xCD,
  74          //低八度0,b1,1,#1,2,#2,3,4,#4,5,#5,6,#6,7
  75          0xB3,0x95,0x5E,0x28,0xDB,0x89,0x33,0xCB,0x61,0xE8,0x6E,0xE6,
  76          //中音1,#1,2,#2,3,4,#4,5,#5,6,#6,7
  77          0x5B,0xCC,0x30,0x95,0xEE,0x45,0x9A,0xE5,0x30,0x73,0xB4,0xEE,0x2A
  78          //高八度1,#1,2,#2,3,4,#4,5,#5,6,#6,7,#7
  79          };
  80          
  81          uchar t1m = T1M;
  82          uchar musicOne;
  83          uchar rapa; //起点音调
  84          uchar rapb; //要升多少
  85          uchar rapc; //现在是多少
  86          bit rapn;
  87          bit rapMode = 0;
  88          
  89          uint timerFlag = 0;
  90          bit timer = 1;
  91          
  92          void delay(uchar beat) {
  93   1        while (beat--) {
  94   2          while (timer);
  95   2          timer = 1;
  96   2        }
  97   1      }
  98          
  99          void play(uchar music, uchar blen, uchar wlen) { // 播放音调 声音长度 静音长度
 100   1        rapMode = 0;
 101   1        musicOne = music;
 102   1        TH0 = FRE_TH[musicOne + OFFSET];
 103   1        TL0 = FRE_TL[musicOne + OFFSET];
 104   1        TR0 = 1;
 105   1        delay(blen);
 106   1        TR0 = 0;
 107   1        delay(wlen);
 108   1      }
 109          
 110          void rap(uchar start, char offset, uchar blen, uchar wlen) { //起始音调 音调偏移 声音长度 静音长度
 111   1        rapMode = 1;
 112   1        rapa = 0xF4 + start;
 113   1        if (offset < 0) {
 114   2          rapb = -offset;
 115   2          rapn = 1;
 116   2        } else {
C51 COMPILER V9.59.0.0   MAIN                                                              01/22/2019 20:12:44 PAGE 3   

 117   2          rapb = offset;
 118   2          rapn = 0;
 119   2        }
 120   1        rapc = rapa;
 121   1        TH0 = rapc;
 122   1        TL0 = 0xFF;
 123   1        TR0 = 1;
 124   1        t1m = T1M * blen - 20;
 125   1        while(timer);
 126   1        timer = 1;
 127   1        TR0 = 0;
 128   1        t1m = 19;
 129   1        while(timer);
 130   1        timer = 1;
 131   1        t1m = T1M;
 132   1        delay(wlen);
 133   1      }
 134          
 135          void main() {
 136   1        TMOD |= 0x11;
 137   1        EA=1;
 138   1        ET0 = 1;
 139   1        ET1 = 1;
 140   1        TH1 = T1H;
 141   1        TL1 = T1L;
 142   1        TR1 = 1;
 143   1        
 144   1        rap(1, 8, 1, 1);//人
 145   1        rap(6, -6, 1, 0);//是
 146   1        rap(5, 0, 1, 0);//衣
 147   1        rap(3, -2, 1, 0);//马
 148   1        rap(0, 0, 1, 0);//是
 149   1        rap(4, 0, 1, 1);//鞍
 150   1        rap(3, 5, 1, 0);//一
 151   1        rap(9, -7, 1, 0);//看
 152   1        rap(3, -1, 1, 0);//长
 153   1        rap(1, 0, 1, 0);//相
 154   1        rap(7, -5, 1, 0);//二
 155   1        rap(3, -2, 1, 0);//看
 156   1        rap(4, 0, 1, 1);//穿
 157   1        rap(3, 2, 1, 0);//白
 158   1        rap(4, 0, 1, 0);//天
 159   1        rap(2, -2, 1, 1);//想
 160   1        rap(7, -6, 1, 0);//夜
 161   1        rap(4, -4, 1, 0);//里
 162   1        rap(3, 0, 1, 1);//哭
 163   1        rap(9, -9, 1, 0);//做
 164   1        rap(9, -9, 1, 0);//梦
 165   1        rap(5, 0, 1, 0);//都
 166   1        rap(3, -2, 1, 0);//想
 167   1        rap(9, -9, 1, 0);//去
 168   1        rap(1, 0, 1, 0);//首
 169   1        rap(4, 0, 1, 1);//都
 170   1        rap(2, 7, 1, 1);//俩
 171   1        rap(5, -4, 1, 1);//脚
 172   1        rap(3, 7, 1, 0);//离
 173   1        rap(9, -5, 1, 0);//地
 174   1        rap(0, 0, 1, 1);//了
 175   1        rap(7, -5, 1, 0);//病
 176   1        rap(1, 5, 1, 0);//毒
 177   1        rap(7, -5, 1, 0);//就
 178   1        rap(5, 0, 1, 0);//关
C51 COMPILER V9.59.0.0   MAIN                                                              01/22/2019 20:12:44 PAGE 4   

 179   1        rap(9, -8, 1, 1);//闭
 180   1        rap(0, 0, 1, 1);//了
 181   1        rap(2, 6, 1, 0);//啥
 182   1        rap(5, -1, 1, 0);//都
 183   1        rap(7, -4, 1, 0);//上
 184   1        rap(2, 6, 1, 0);//不
 185   1        rap(9, -8, 1, 1);//去
 186   1        rap(0, 0, 1, 1);//了
 187   1        rap(0, 9, 2, 2);//嚎
 188   1        
 189   1        play(M6, 4, 0);//嗷
 190   1        
 191   1        l62; // 改革春风吹满地
 192   1        m32;
 193   1        m32;
 194   1        m22;
 195   1        m34;
 196   1        l54;
 197   1        m12;
 198   1        play(L6, 2, 2);
 199   1        
 200   1        rap(5, 0, 1, 0);//春
 201   1        rap(5, 0, 1, 0);//风
 202   1        rap(6, 0, 2, 0);//吹
 203   1        rap(4, -1, 2, 0);//满
 204   1        rap(9, -9, 2, 2);//地
 205   1        
 206   1        m32; // 中国人民真争气
 207   1        l62;
 208   1        m12;
 209   1        m12;
 210   1        m34;
 211   1        m12;
 212   1        m12;
 213   1        play(L6, 4, 2);
 214   1        
 215   1        rap(3, 3, 1, 0);//人
 216   1        rap(3, 3, 1, 0);//民
 217   1        rap(5, 0, 1, 1);//真
 218   1        rap(4, 0, 1, 1);//争
 219   1        rap(9, -9, 2, 2);//气
 220   1        
 221   1        play(M3, 1, 0); // 这个世界太疯狂
 222   1        play(M3, 1, 0);
 223   1        m32;
 224   1        m32;
 225   1        m52;
 226   1        m32;
 227   1        l62;
 228   1        m12;
 229   1        
 230   1        play(M5, 1, 0); // 耗子都给猫当伴娘
 231   1        play(M3, 1, 0);
 232   1        m32;
 233   1        m32;
 234   1        play(M3, 1, 0);
 235   1        play(M3, 1, 0);
 236   1        m32;
 237   1        play(M2, 1, 0);
 238   1        play(M1, 1, 0);
 239   1        l62;
 240   1        m12;
C51 COMPILER V9.59.0.0   MAIN                                                              01/22/2019 20:12:44 PAGE 5   

 241   1        
 242   1        play(H1, 2, 0); //齐得龙
 243   1        play(H1, 2, 0);
 244   1        play(H1, 2, 2);
 245   1        //m12; // 齐东强
 246   1        //m32;
 247   1        //play(L6, 2, 6);
 248   1        
 249   1        rap(2, 3, 2, 0);//齐东强
 250   1        rap(6, 0, 2, 0);
 251   1        rap(0, 9, 2, 6);
 252   1        
 253   1        play(H1, 2, 0); // 齐得龙东强
 254   1        play(H2, 2, 0);
 255   1        play(H1, 1, 0);
 256   1        play(H1, 2, 0);
 257   1        play(H1, 1, 0);
 258   1        play(H1, 2, 0);
 259   1        play(H2, 1, 0);
 260   1        play(H1, 1, 0);
 261   1        play(M6, 2, 2);
 262   1        
 263   1        l51;l31;l51;l51; // 记得那是2003年的第一场雪
 264   1        l51;l31;l51;l51;
 265   1        l32;l22;l52;l62;
 266   1        l52;l32;
 267   1        l52;l62;l52;// 第一场雪
 268   1        play(L3, 2, 2);
 269   1        
 270   1        l62;m11;l61;l61;m11; // 比2002
 271   1        l62;l61;l61;l52;l32;l52;l62; //年来的稍晚了一
 272   1        l52;l32;l52;l62; // 稍晚了一些
 273   1        play(L6, 2, 6);
 274   1        
 275   1        l52;//抓牌
 276   1        play(L5, 2, 2);
 277   1        
 278   1        l61;l51;//看牌
 279   1        play(L2, 4, 4);
 280   1        
 281   1        l32;l54;l32;//洗牌码牌
 282   1        play(L6, 4, 4);
 283   1        
 284   1        play(L1, 1, 0);//失败
 285   1        play(L1, 1, 2);
 286   1        
 287   1        m11;m11;m31;m31;//知道因为
 288   1        m22;m22;m31;m21;m22;//啥失败吗
 289   1        
 290   1        m32;m21;m21;m12;l72;//真让我替你
 291   1        l62;m32;m22;m12;//感到悲哀
 292   1        
 293   1        m61;m11;//不打针
 294   1        play(M3, 1, 1);
 295   1        m21;m11;//不吃药
 296   1        play(M2, 1, 1);
 297   1        
 298   1        m21;m31;m21;m31;m21;m11;m22;//坐着就是跟你唠
 299   1        play(M3, 1, 1); //用
 300   1        m21;m31;m21;m11; //谈话的方式
 301   1        play(M1, 1, 1);
 302   1        m21;m31;m21;m31;m12;l62; //治疗这叫话疗
C51 COMPILER V9.59.0.0   MAIN                                                              01/22/2019 20:12:44 PAGE 6   

 303   1        
 304   1        m22;m32;l62;m12; //现在请听第一个话题
 305   1        m21;m31;m21;m11;
 306   1        play(L6, 2, 2);
 307   1        
 308   1        //l62;m31;m31;m32;m12; //母猪的产后
 309   1        rap(4, -3, 1, 1);//母
 310   1        rap(5, 0, 1, 0);//猪
 311   1        rap(2, -1, 1, 0);//的
 312   1        rap(5, -2, 2, 0);//产
 313   1        rap(9, -8, 2, 0);//后
 314   1        
 315   1        l72;l32;l61;l61;l61;l61;//护理拿错书了
 316   1        
 317   1        m32;m12;m21;m11;l62;//粮食大丰收
 318   1        l52;l32;l51;l51;l62;//洪水被赶跑
 319   1        l62;m32;m21;m21;m11;m11;//百姓安居乐业
 320   1        l71;l71;l51;l61;m12;l62;//齐夸党的领导
 321   1        m32;m32;m21;l61;m11;m11;m11;m21;m11;m21;m12;l62; //国外比较乱套成天勾心斗角
 322   1        m32;m32;m31;m31;m31;m31;m21;m31;m21;m31;m12;l62; //纵观世界风云这边风景更好
 323   1        
 324   1        while(1);
 325   1      }
 326          
 327          void T_0() interrupt 1 {
 328   1        if (rapMode) {
 329   2          TH0 = rapc;
 330   2          TL0 = 0xFF;
 331   2        } else {
 332   2          TH0 = FRE_TH[musicOne + OFFSET];
 333   2          TL0 = FRE_TL[musicOne + OFFSET];
 334   2        }
 335   1        fmq = ~fmq;
 336   1      }
 337          
 338          void T_1() interrupt 3 {
 339   1        TH1 = T1H;
 340   1        TL1 = T1L;
 341   1        timerFlag++;
 342   1        if (rapMode) {
 343   2          if (rapn) {
 344   3            rapc = rapa - (rapb * timerFlag / t1m);
 345   3          } else {
 346   3            rapc = rapa + (rapb * timerFlag / t1m);
 347   3          }
 348   2        }
 349   1        if (timerFlag > t1m) {
 350   2          timerFlag = 0;
 351   2          timer = 0;
 352   2        }
 353   1      }


MODULE INFORMATION:   STATIC OVERLAYABLE
   CODE SIZE        =   1864    ----
   CONSTANT SIZE    =     78    ----
   XDATA SIZE       =   ----    ----
   PDATA SIZE       =   ----    ----
   DATA SIZE        =      7       4
   IDATA SIZE       =   ----    ----
   BIT SIZE         =      3    ----
END OF MODULE INFORMATION.

C51 COMPILER V9.59.0.0   MAIN                                                              01/22/2019 20:12:44 PAGE 7   


C51 COMPILATION COMPLETE.  0 WARNING(S),  0 ERROR(S)
